
> mark-cdh-web@0.1.0 build
> next build

Ôû▓ Next.js 16.1.4 (Turbopack)

  Creating an optimized production build ...
node.exe : 
En línea: 1 
Carácter: 1
+ & "C:\Program Files
\nodejs/node.exe" 
"C:\Program 
Files\nodejs/node_mo 
...
+ ~~~~~~~~~~~~~~~~~~~
~~~~~~~~~~~~~~~~~~~~~
~~~~~~~~~~~~~~~~~~~~~
~~~~~~~~
    + CategoryInfo   
           : NotSpe  
  cified: (:String   
 ) [], RemoteExce    
ption
    + FullyQualified 
   ErrorId : Native  
  CommandError
 
> Build error 
occurred
Error: Turbopack 
build failed with 4 
errors:
./app/design/page.tsx
:41:60
Parsing ecmascript 
source code failed
[0m [90m 39 |[39m 
                     
       [33m<[39m[3
3m/[39m[33mdiv[39m
[33m>[39m
 [90m 40 |[39m     
                     
   [33m<[39m[33mdi
v[39m className[33m
=[39m[32m"space-y-2
"[39m[33m>[39m
[31m[1m>[22m[39m
[90m 41 |[39m       
                     
     [33m<[39m[33m
div[39m[33m>[39m[
33mFactory[39m([33m
SAP[39m) [33m--[39
m[[33mZPL[39m][33m
--[39m[33m>[39m [
33mInterceptor[39m[
33m<[39m[33m/[39m
[33mdiv[39m[33m>[3
9m
 [90m    |[39m     
                     
                     
             
[31m[1m^[22m[39m
 [90m 42 |[39m     
                     
       [33m<[39m[3
3mdiv[39m[33m>[39m
[33mInterceptor[39m
 [33m--[39m[[33mDa
ta[39m][33m--[39m
[33m>[39m [33mDatab
ase[39m([33mSQL[39
m)[33m<[39m[33m/[
39m[33mdiv[39m[33m
>[39m
 [90m 43 |[39m     
                     
       [33m<[39m[3
3mdiv[39m[33m>[39m
[33mInterceptor[39m
 [33m--[39m[[33mPr
int[39m][33m--[39m
[33m>[39m [33mZebr
a[39m([33mPhysical
[39m)[33m<[39m[33m
/[39m[33mdiv[39m[
33m>[39m
 [90m 44 |[39m     
                     
       [33m<[39m[3
3mdiv[39m[33m>[39m
[33mThinking[39m[3
3m:[39m 
[33mPrinted[39m 
[33m=[39m 
[33mIn[39m [33mInv
entory[39m[33m<[39
m[33m/[39m[33mdiv
[39m[33m>[39m[0m

Unexpected token. 
Did you mean `{'>'}` 
or `&gt;`?


./app/design/page.tsx
:42:60
Parsing ecmascript 
source code failed
[0m [90m 40 |[39m 
                     
       [33m<[39m[3
3mdiv[39m className
[33m=[39m[32m"space
-y-2"[39m[33m>[39m
 [90m 41 |[39m     
                     
       [33m<[39m[3
3mdiv[39m[33m>[39m
[33mFactory[39m([3
3mSAP[39m) [33m--[
39m[[33mZPL[39m][3
3m--[39m[33m>[39m 
[33mInterceptor[39m
[33m<[39m[33m/[39
m[33mdiv[39m[33m>
[39m
[31m[1m>[22m[39m
[90m 42 |[39m       
                     
     [33m<[39m[33m
div[39m[33m>[39m[
33mInterceptor[39m 
[33m--[39m[[33mData
[39m][33m--[39m[3
3m>[39m [33mDatabas
e[39m([33mSQL[39m)
[33m<[39m[33m/[39
m[33mdiv[39m[33m>
[39m
 [90m    |[39m     
                     
                     
             
[31m[1m^[22m[39m
 [90m 43 |[39m     
                     
       [33m<[39m[3
3mdiv[39m[33m>[39m
[33mInterceptor[39m
 [33m--[39m[[33mPr
int[39m][33m--[39m
[33m>[39m [33mZebr
a[39m([33mPhysical
[39m)[33m<[39m[33m
/[39m[33mdiv[39m[
33m>[39m
 [90m 44 |[39m     
                     
       [33m<[39m[3
3mdiv[39m[33m>[39m
[33mThinking[39m[3
3m:[39m 
[33mPrinted[39m 
[33m=[39m 
[33mIn[39m [33mInv
entory[39m[33m<[39
m[33m/[39m[33mdiv
[39m[33m>[39m
 [90m 45 |[39m     
                     
       [33m<[39m[3
3mdiv[39m[33m>[39m
[33mExit[39m 
[33mArch[39m [33m-
-[39m[[33mTag[39m 
[33mReading[39m][3
3m--[39m[33m>[39m 
[33mInventory[39m 
[33mDecrement[39m[3
3m<[39m[33m/[39m[
33mdiv[39m[33m>[39
m[0m

Unexpected token. 
Did you mean `{'>'}` 
or `&gt;`?


./app/design/page.tsx
:43:61
Parsing ecmascript 
source code failed
[0m [90m 41 |[39m 
                     
           [33m<[39
m[33mdiv[39m[33m>
[39m[33mFactory[39m
([33mSAP[39m) [33m
--[39m[[33mZPL[39m
][33m--[39m[33m>[
39m [33mInterceptor
[39m[33m<[39m[33m/
[39m[33mdiv[39m[3
3m>[39m
 [90m 42 |[39m     
                     
       [33m<[39m[3
3mdiv[39m[33m>[39m
[33mInterceptor[39m
 [33m--[39m[[33mDa
ta[39m][33m--[39m
[33m>[39m [33mDatab
ase[39m([33mSQL[39
m)[33m<[39m[33m/[
39m[33mdiv[39m[33m
>[39m
[31m[1m>[22m[39m
[90m 43 |[39m       
                     
     [33m<[39m[33m
div[39m[33m>[39m[
33mInterceptor[39m 
[33m--[39m[[33mPrin
t[39m][33m--[39m[
33m>[39m [33mZebra
[39m([33mPhysical[3
9m)[33m<[39m[33m/
[39m[33mdiv[39m[33
m>[39m
 [90m    |[39m     
                     
                     
              
[31m[1m^[22m[39m
 [90m 44 |[39m     
                     
       [33m<[39m[3
3mdiv[39m[33m>[39m
[33mThinking[39m[3
3m:[39m 
[33mPrinted[39m 
[33m=[39m 
[33mIn[39m [33mInv
entory[39m[33m<[39
m[33m/[39m[33mdiv
[39m[33m>[39m
 [90m 45 |[39m     
                     
       [33m<[39m[3
3mdiv[39m[33m>[39m
[33mExit[39m 
[33mArch[39m [33m-
-[39m[[33mTag[39m 
[33mReading[39m][3
3m--[39m[33m>[39m 
[33mInventory[39m 
[33mDecrement[39m[3
3m<[39m[33m/[39m[
33mdiv[39m[33m>[39
m
 [90m 46 |[39m     
                     
   [33m<[39m[33m/
[39m[33mdiv[39m[33
m>[39m[0m

Unexpected token. 
Did you mean `{'>'}` 
or `&gt;`?


./app/design/page.tsx
:45:65
Parsing ecmascript 
source code failed
[0m [90m 43 |[39m 
                     
           [33m<[39
m[33mdiv[39m[33m>
[39m[33mInterceptor
[39m [33m--[39m[[3
3mPrint[39m][33m--
[39m[33m>[39m [33m
Zebra[39m([33mPhysi
cal[39m)[33m<[39m
[33m/[39m[33mdiv[3
9m[33m>[39m
 [90m 44 |[39m     
                     
       [33m<[39m[3
3mdiv[39m[33m>[39m
[33mThinking[39m[3
3m:[39m 
[33mPrinted[39m 
[33m=[39m 
[33mIn[39m [33mInv
entory[39m[33m<[39
m[33m/[39m[33mdiv
[39m[33m>[39m
[31m[1m>[22m[39m
[90m 45 |[39m       
                     
     [33m<[39m[33m
div[39m[33m>[39m[
33mExit[39m 
[33mArch[39m [33m-
-[39m[[33mTag[39m 
[33mReading[39m][3
3m--[39m[33m>[39m 
[33mInventory[39m 
[33mDecrement[39m[3
3m<[39m[33m/[39m[
33mdiv[39m[33m>[39
m
 [90m    |[39m     
                     
                     
                  
[31m[1m^[22m[39m
 [90m 46 |[39m     
                     
   [33m<[39m[33m/
[39m[33mdiv[39m[33
m>[39m
 [90m 47 |[39m     
                    
[33m<[39m[33m/[39m
[33mdiv[39m[33m>[
39m
 [90m 48 |[39m     
                [33m
<[39m[33m/[39m[33
msection[39m[33m>[
39m[0m

Unexpected token. 
Did you mean `{'>'}` 
or `&gt;`?


    at <unknown> (./a
pp/design/page.tsx:41
:60)
    at <unknown> (./a
pp/design/page.tsx:42
:60)
    at <unknown> (./a
pp/design/page.tsx:43
:61)
    at <unknown> (./a
pp/design/page.tsx:45
:65)
